// Vitest Snapshot v1, https://vitest.dev/guide/snapshot.html

exports[`ccd > then it matches the snapshot 1`] = `
"<div>
  <div style="
    column-gap: 8px;
    display: inline-flex;
    font-family: "Reddit Sans Condensed Bold", "Market Sans", Arial, sans-serif;
    row-gap: 8px
  ">
    <div style="
      align-items: center;
      display: flex;
      flex-direction: column;
      justify-content: center;
      width: 39px
    ">
      <svg
        focusable="false"
        style="
          display: inline-block;
          fill: currentcolor;
          height: 18px;
          pointer-events: none;
          stroke-width: 0;
          stroke: currentcolor;
          vertical-align: middle;
          width: 27px
        "
      >
        <use href="#icon-ccd-top"/>
      </svg>
      <div style="
        align-items: center;
        border-bottom-left-radius: 1.5px;
        border-bottom-right-radius: 1.5px;
        border-top-left-radius: 1.5px;
        border-top-right-radius: 1.5px;
        border: 1px solid var(--color-foreground-primary);
        display: flex;
        flex-direction: column;
        font-size: 0.4375rem;
        font-weight: var(--font-weight-600);
        height: 37px;
        justify-content: center;
        line-height: 10px;
        overflow-x: hidden;
        overflow-y: hidden;
        text-align: center;
        width: 39px
      ">
        <div>
          1000
          -
          2000
        </div>
        <div>
          W
        </div>
      </div>
    </div>
  </div>
</div>"
`;
