// Jest Snapshot v1, https://jestjs.io/docs/snapshot-testing

exports[`<EbayFileInput /> rendering renders default story correctly 1`] = `
<div>
  <div
    class="file-input"
  >
    <div
      class="file-input__container"
    >
      <div
        class="file-input__upload-icon"
      >
        <svg
          aria-hidden="true"
          class="icon icon--24"
          focusable="false"
          xmlns="http://www.w3.org/2000/svg"
        >
          <use
            xlink:href="#icon-upload-24"
          />
        </svg>
      </div>
      <div
        class="file-input__content"
      >
        <span
          class="file-input__content-header"
        >
          Upload your files
        </span>
        <span
          class="file-input__content-subheader"
        >
          Supported formats: .jpg, .png
        </span>
        <label
          for="abc123"
        >
          <span
            class="file-input__content-cta"
          >
            <span>
              Click or drag files here to upload
            </span>
          </span>
        </label>
      </div>
    </div>
    <input
      class="file-input__input"
      id="abc123"
      type="file"
    />
  </div>
</div>
`;

exports[`<EbayFileInput /> rendering renders with mock uploads 1`] = `
<div>
  <div
    class="file-input"
  >
    <div
      class="file-input__container"
    >
      <div
        class="file-input__upload-icon"
      >
        <svg
          aria-hidden="true"
          class="icon icon--24"
          focusable="false"
          xmlns="http://www.w3.org/2000/svg"
        >
          <use
            xlink:href="#icon-upload-24"
          />
        </svg>
      </div>
      <div
        class="file-input__content"
      >
        <span
          class="file-input__content-header"
        >
          <p>
            Multiple files
          </p>
        </span>
        <label
          for="abc123"
        >
          <span
            class="file-input__content-cta"
          >
            <span>
              Browse files
            </span>
          </span>
        </label>
      </div>
    </div>
    <input
      class="file-input__input"
      id="abc123"
      multiple=""
      type="file"
    />
  </div>
  <div
    class="file-preview-card-group"
  >
    <ul />
  </div>
</div>
`;

exports[`<EbayFileInput /> rendering renders with preview cards 1`] = `
<div>
  <div
    class="file-input"
  >
    <div
      class="file-input__container"
    >
      <div
        class="file-input__upload-icon"
      >
        <svg
          aria-hidden="true"
          class="icon icon--24"
          focusable="false"
          xmlns="http://www.w3.org/2000/svg"
        >
          <use
            xlink:href="#icon-upload-24"
          />
        </svg>
      </div>
      <div
        class="file-input__content"
      >
        <span
          class="file-input__content-header"
        >
          Custom Header
        </span>
        <label
          for="abc123"
        >
          <span
            class="file-input__content-cta"
          >
            <span>
              Click or drag files here to upload
            </span>
          </span>
        </label>
      </div>
    </div>
    <input
      class="file-input__input"
      id="abc123"
      type="file"
    />
  </div>
  <div
    class="file-preview-card-group"
  >
    <ul />
  </div>
</div>
`;
